Starting benchmark processing loop over 190 items...
[1/190] Processing: circuit_1.jpg
[2/190] Processing: circuit_1016.jpg
[3/190] Processing: circuit_1018.jpg
[4/190] Processing: circuit_1074.jpg
[5/190] Processing: circuit_1076.jpg
[6/190] Processing: circuit_1077.jpg
[7/190] Processing: circuit_1079.jpg
[8/190] Processing: circuit_1087.jpg
[9/190] Processing: circuit_1093.jpg
[10/190] Processing: circuit_1094.jpg
[11/190] Processing: circuit_1097.jpg
[12/190] Processing: circuit_1111.jpg
[13/190] Processing: circuit_1121.jpg
[14/190] Processing: circuit_1122.jpg
[15/190] Processing: circuit_1124.jpg
[16/190] Processing: circuit_1127.jpg
[17/190] Processing: circuit_113.jpg
[18/190] Processing: circuit_1133.jpg
[19/190] Processing: circuit_1134.jpg
[20/190] Processing: circuit_1135.jpg
[21/190] Processing: circuit_1145.jpg
[22/190] Processing: circuit_1153.jpg
[23/190] Processing: circuit_1162.jpg
[24/190] Processing: circuit_1166.jpg
[25/190] Processing: circuit_1172.jpg
[26/190] Processing: circuit_1183.jpg
[27/190] Processing: circuit_1194.jpg
[28/190] Processing: circuit_1201.jpg
[29/190] Processing: circuit_1202.jpg
[30/190] Processing: circuit_1203.jpg
[31/190] Processing: circuit_1204.jpg
[32/190] Processing: circuit_1205.jpg
[33/190] Processing: circuit_1209.jpg
[34/190] Processing: circuit_1233.jpg
[35/190] Processing: circuit_1239.jpg
[36/190] Processing: circuit_1241.jpg
[37/190] Processing: circuit_1243.jpg
[38/190] Processing: circuit_1244.jpg
[39/190] Processing: circuit_125.jpg
[40/190] Processing: circuit_1252.jpg
[41/190] Processing: circuit_1256.jpg
[42/190] Processing: circuit_1258.jpg
[43/190] Processing: circuit_1262.jpg
[44/190] Processing: circuit_1268.jpg
[45/190] Processing: circuit_1272.jpg
[46/190] Processing: circuit_136.jpg
[47/190] Processing: circuit_138.jpg
[48/190] Processing: circuit_14.jpg
[49/190] Processing: circuit_153.jpg
[50/190] Processing: circuit_155.jpg
[51/190] Processing: circuit_170.jpg
[52/190] Processing: circuit_178.jpg
[53/190] Processing: circuit_184.jpg
[54/190] Processing: circuit_185.jpg
[55/190] Processing: circuit_187.jpg
[56/190] Processing: circuit_19.jpg
[57/190] Processing: circuit_193.jpg
[58/190] Processing: circuit_198.jpg
[59/190] Processing: circuit_205.jpg
[60/190] Processing: circuit_210.jpg
[61/190] Processing: circuit_215.jpg
[62/190] Processing: circuit_226.jpg
[63/190] Processing: circuit_230.jpg
[64/190] Processing: circuit_236.jpg
[65/190] Processing: circuit_238.jpg
[66/190] Processing: circuit_260.jpg
[67/190] Processing: circuit_263.jpg
[68/190] Processing: circuit_267.jpg
[69/190] Processing: circuit_294.jpg
[70/190] Processing: circuit_297.jpg
[71/190] Processing: circuit_299.jpg
[72/190] Processing: circuit_300.jpg
[73/190] Processing: circuit_303.jpg
[74/190] Processing: circuit_312.jpg
[75/190] Processing: circuit_318.jpg
[76/190] Processing: circuit_324.jpg
[77/190] Processing: circuit_327.jpg
[78/190] Processing: circuit_328.jpg
[79/190] Processing: circuit_333.jpg
[80/190] Processing: circuit_337.jpg
[81/190] Processing: circuit_344.jpg
[82/190] Processing: circuit_35.jpg
[83/190] Processing: circuit_350.jpg
[84/190] Processing: circuit_355.jpg
[85/190] Processing: circuit_356.jpg
[86/190] Processing: circuit_361.jpg
[87/190] Processing: circuit_372.jpg
[88/190] Processing: circuit_374.jpg
[89/190] Processing: circuit_383.jpg
[90/190] Processing: circuit_384.jpg
[91/190] Processing: circuit_386.jpg
[92/190] Processing: circuit_394.jpg
[93/190] Processing: circuit_41.jpg
[94/190] Processing: circuit_415.jpg
[95/190] Processing: circuit_417.jpg
[96/190] Processing: circuit_427.jpg
[97/190] Processing: circuit_437.jpg
[98/190] Processing: circuit_438.jpg
[99/190] Processing: circuit_439.jpg
[100/190] Processing: circuit_455.jpg
[101/190] Processing: circuit_468.jpg
[102/190] Processing: circuit_469.jpg
[103/190] Processing: circuit_470.jpg
[104/190] Processing: circuit_472.jpg
[105/190] Processing: circuit_481.jpg
[106/190] Processing: circuit_485.jpg
[107/190] Processing: circuit_492.jpg
[108/190] Processing: circuit_506.jpg
[109/190] Processing: circuit_522.jpg
[110/190] Processing: circuit_524.jpg
[111/190] Processing: circuit_525.jpg
[112/190] Processing: circuit_537.jpg
[113/190] Processing: circuit_538.jpg
[114/190] Processing: circuit_555.jpg
[115/190] Processing: circuit_560.jpg
[116/190] Processing: circuit_563.jpg
[117/190] Processing: circuit_575.jpg
[118/190] Processing: circuit_576.jpg
[119/190] Processing: circuit_588.jpg
[120/190] Processing: circuit_591.jpg
[121/190] Processing: circuit_595.jpg
[122/190] Processing: circuit_6.jpg
[123/190] Processing: circuit_606.jpg
[124/190] Processing: circuit_607.jpg
[125/190] Processing: circuit_61.jpg
[126/190] Processing: circuit_611.jpg
[127/190] Processing: circuit_613.jpg
[128/190] Processing: circuit_614.jpg
[129/190] Processing: circuit_618.jpg
[130/190] Processing: circuit_623.jpg
[131/190] Processing: circuit_645.jpg
[132/190] Processing: circuit_649.jpg
[133/190] Processing: circuit_658.jpg
[134/190] Processing: circuit_665.jpg
[135/190] Processing: circuit_678.jpg
[136/190] Processing: circuit_689.jpg
[137/190] Processing: circuit_690.jpg
[138/190] Processing: circuit_707.jpg
[139/190] Processing: circuit_709.jpg
[140/190] Processing: circuit_720.jpg
[141/190] Processing: circuit_726.jpg
[142/190] Processing: circuit_730.jpg
[143/190] Processing: circuit_733.jpg
[144/190] Processing: circuit_743.jpg
[145/190] Processing: circuit_748.jpg
[146/190] Processing: circuit_750.jpg
[147/190] Processing: circuit_755.jpg
[148/190] Processing: circuit_760.jpg
[149/190] Processing: circuit_769.jpg
[150/190] Processing: circuit_775.jpg
[151/190] Processing: circuit_784.jpg
[152/190] Processing: circuit_795.jpg
[153/190] Processing: circuit_808.jpg
[154/190] Processing: circuit_816.jpg
[155/190] Processing: circuit_820.jpg
[156/190] Processing: circuit_823.jpg
[157/190] Processing: circuit_832.jpg
[158/190] Processing: circuit_833.jpg
[159/190] Processing: circuit_835.jpg
[160/190] Processing: circuit_836.jpg
[161/190] Processing: circuit_856.jpg
[162/190] Processing: circuit_862.jpg
[163/190] Processing: circuit_869.jpg
[164/190] Processing: circuit_87.jpg
[165/190] Processing: circuit_884.jpg
[166/190] Processing: circuit_885.jpg
[167/190] Processing: circuit_886.jpg
[168/190] Processing: circuit_895.jpg
[169/190] Processing: circuit_897.jpg
[170/190] Processing: circuit_9.jpg
[171/190] Processing: circuit_901.jpg
[172/190] Processing: circuit_904.jpg
[173/190] Processing: circuit_910.jpg
[174/190] Processing: circuit_925.jpg
[175/190] Processing: circuit_926.jpg
[176/190] Processing: circuit_931.jpg
[177/190] Processing: circuit_932.jpg
[178/190] Processing: circuit_937.jpg
[179/190] Processing: circuit_953.jpg
[180/190] Processing: circuit_957.jpg
[181/190] Processing: circuit_961.jpg
[182/190] Processing: circuit_963.jpg
[183/190] Processing: circuit_968.jpg
[184/190] Processing: circuit_972.jpg
[185/190] Processing: circuit_975.jpg
[186/190] Processing: circuit_979.jpg
[187/190] Processing: circuit_980.jpg
[188/190] Processing: circuit_986.jpg
[189/190] Processing: circuit_992.jpg
[190/190] Processing: circuit_995.jpg

All files parsed. Running calculations and bootstrap metrics...
[OK] scored 190 image(s); skipped {}
  net F1: 0.844 [0.819, 0.866]
  terminal-pair F1: 0.746
  strict success: 0.379
  nGED (lower=better): 0.237
  solvable before→after: 0.521 → 0.774 (mean 2.56 assumptions/circuit)
[OK] wrote /Users/junaidahmed/Documents/Chip-Schematic-Converter/results/sweeps_bench/connectivity_repair_body_frac/0p6/per_image.csv + summary.json
