Note: i1: has no value, DC 0 assumed
Warning: singular matrix:  check node n3

Note: Starting dynamic gmin stepping
Warning: singular matrix:  check node n3

Warning: singular matrix:  check node n3

Warning: singular matrix:  check node n3

Warning: singular matrix:  check node n3

Warning: singular matrix:  check node n3

Warning: Dynamic gmin stepping failed
Note: Starting true gmin stepping
Warning: True gmin stepping failed
Note: Starting source stepping
Warning: source stepping failed
Note: Transient op started
Error: Transient op failed, timestep too small


Error: The operating point could not be simulated successfully.
    Any of the following steps may fail.!

doAnalyses: OP:  Timestep too small; cause unrecorded.


run simulation(s) aborted

Note: No compatibility mode selected!


Circuit: * auto-generated spice netlist (no text ocr used)

Doing analysis at TEMP = 27.000000 and TNOM = 27.000000

Using SPARSE 1.3 as Direct Linear Solver

DC solution failed -

Last Node Voltages
------------------

Node                                   Last Voltage        Previous Iter
----                                   ------------        -------------
n3                                                0                    0
n5                                                0                  nan
n8                                                0                0.001 *
n10                                               0                    0
n6                                                0               -0.001 *
n2                                                0                    0
n7                                                0                  nan
n1                                                0                    0
n9                                                0                    0
n4                                                0                    0
l3#branch                                         0                  nan
l2#branch                                         0                  nan
l1#branch                                         0                  nan
v3#branch                                         0                    5 *
v2#branch                                         0                    5 *
v1#branch                                         0                    5 *


Total analysis time (seconds) = 0.001999

Total elapsed time (seconds) = 0.085 

Total DRAM available = 8192.000 MB.
DRAM currently available =   66.828 MB.
Maximum ngspice program size =    6.578 MB.
Current ngspice program size =    6.578 MB.

